2026-05-27 10:30:10,148 INFO o.a.j.u.JMeterUtils: Setting Locale to en_EN
2026-05-27 10:30:10,170 INFO o.a.j.JMeter: Loading user properties from: C:\Users\Elias\AppData\Local\Programs\JMeter\bin\user.properties
2026-05-27 10:30:10,172 INFO o.a.j.JMeter: Loading system properties from: C:\Users\Elias\AppData\Local\Programs\JMeter\bin\system.properties
2026-05-27 10:30:10,174 INFO o.a.j.JMeter: Copyright (c) 1998-2024 The Apache Software Foundation
2026-05-27 10:30:10,180 INFO o.a.j.JMeter: Version 5.6.3
2026-05-27 10:30:10,180 INFO o.a.j.JMeter: java.version=21.0.11
2026-05-27 10:30:10,180 INFO o.a.j.JMeter: java.vm.name=OpenJDK 64-Bit Server VM
2026-05-27 10:30:10,180 INFO o.a.j.JMeter: os.name=Windows 11
2026-05-27 10:30:10,180 INFO o.a.j.JMeter: os.arch=amd64
2026-05-27 10:30:10,180 INFO o.a.j.JMeter: os.version=10.0
2026-05-27 10:30:10,180 INFO o.a.j.JMeter: file.encoding=UTF-8
2026-05-27 10:30:10,180 INFO o.a.j.JMeter: java.awt.headless=true
2026-05-27 10:30:10,180 INFO o.a.j.JMeter: Max memory     =1073741824
2026-05-27 10:30:10,180 INFO o.a.j.JMeter: Available Processors =12
2026-05-27 10:30:10,189 INFO o.a.j.JMeter: Default Locale=English (EN)
2026-05-27 10:30:10,189 INFO o.a.j.JMeter: JMeter  Locale=English (EN)
2026-05-27 10:30:10,189 INFO o.a.j.JMeter: JMeterHome=C:\Users\Elias\AppData\Local\Programs\JMeter
2026-05-27 10:30:10,189 INFO o.a.j.JMeter: user.dir  =C:\Users\Elias\OneDrive - Universidad de Castilla-La Mancha\Escritorio\musicfinder\TrabajoTecnologiasEliasGlez
2026-05-27 10:30:10,189 INFO o.a.j.JMeter: PWD       =C:\Users\Elias\OneDrive - Universidad de Castilla-La Mancha\Escritorio\musicfinder\TrabajoTecnologiasEliasGlez
2026-05-27 10:30:10,194 INFO o.a.j.JMeter: IP: 192.168.1.142 Name: PC-ELIAS FullName: PC-ELIAS.home
2026-05-27 10:30:10,204 ERROR o.a.j.JMeter: An error occurred: 
java.lang.IllegalArgumentException: Cannot write to 'C:\Users\Elias\OneDrive - Universidad de Castilla-La Mancha\Escritorio\musicfinder\TrabajoTecnologiasEliasGlez\src\test\jmeter\report_login' as folder does not exist and parent folder is not writable
	at org.apache.jorphan.util.JOrphanUtils.canSafelyWriteToFolder(JOrphanUtils.java:672) ~[jorphan.jar:5.6.3]
	at org.apache.jorphan.util.JOrphanUtils.canSafelyWriteToFolder(JOrphanUtils.java:620) ~[jorphan.jar:5.6.3]
	at org.apache.jmeter.JMeter.extractAndSetReportOutputFolder(JMeter.java:542) ~[ApacheJMeter_core.jar:5.6.3]
	at org.apache.jmeter.JMeter.start(JMeter.java:492) [ApacheJMeter_core.jar:5.6.3]
	at java.base/jdk.internal.reflect.DirectMethodHandleAccessor.invoke(DirectMethodHandleAccessor.java:103) ~[?:?]
	at java.base/java.lang.reflect.Method.invoke(Method.java:580) ~[?:?]
	at org.apache.jmeter.NewDriver.main(NewDriver.java:259) [ApacheJMeter.jar:5.6.3]
